
> kursmanager_init@0.1.0 build
> next build

node.exe : ÔÜá Warning: Next.js 
inferred your workspace root, 
but it may not be correct.
In Zeile:1 Zeichen:1
+ & "C:\Program 
Files\nodejs/node.exe" 
"C:\Program 
Files\nodejs/node_mo ...
+ ~~~~~~~~~~~~~~~~~~~~~~~~~~~~~~
~~~~~~~~~~~~~~~~~~~~~~~~~~~~~~~~
~~~~~~~
    + CategoryInfo          : N 
   otSpecified: (ÔÜá Warning:   
  Ne...not be correct.:String   
 ) [], RemoteException
    + FullyQualifiedErrorId : N 
   ativeCommandError
 
 We detected multiple lockfiles 
and selected the directory of C:
\Users\mauro\Desktop\manager_ver
cel\package-lock.json as the 
root directory.
 To silence this warning, set 
`turbopack.root` in your 
Next.js config, or consider 
removing one of the lockfiles 
if it's not needed.
   See https://nextjs.org/docs/a
pp/api-reference/config/next-con
fig-js/turbopack#root-directory 
for more information.
 Detected additional lockfiles: 
   * C:\Users\mauro\Desktop\mana
ger_vercel\kursmanager_init\pack
age-lock.json

Ôû▓ Next.js 16.1.6 (Turbopack)
- Environments: .env.local

  Creating an optimized production build ...

> Build error occurred
Error: Turbopack build failed 
with 1 errors:
./src/middleware.ts:1:1
Module not found: Can't resolve 
'next-auth/middleware'
[0m[31m[1m>[22m[39m[90m 1 
|[39m [36mimport[39m { 
withAuth } [36mfrom[39m [32m"
next-auth/middleware"[39m[33m;
[39m
 [90m   |[39m [31m[1m^[22m
[39m[31m[1m^[22m[39m[31m[1
m^[22m[39m[31m[1m^[22m[39m
[31m[1m^[22m[39m[31m[1m^[
22m[39m[31m[1m^[22m[39m[31
m[1m^[22m[39m[31m[1m^[22m
[39m[31m[1m^[22m[39m[31m[1
m^[22m[39m[31m[1m^[22m[39m
[31m[1m^[22m[39m[31m[1m^[
22m[39m[31m[1m^[22m[39m[31
m[1m^[22m[39m[31m[1m^[22m
[39m[31m[1m^[22m[39m[31m[1
m^[22m[39m[31m[1m^[22m[39m
[31m[1m^[22m[39m[31m[1m^[
22m[39m[31m[1m^[22m[39m[31
m[1m^[22m[39m[31m[1m^[22m
[39m[31m[1m^[22m[39m[31m[1
m^[22m[39m[31m[1m^[22m[39m
[31m[1m^[22m[39m[31m[1m^[
22m[39m[31m[1m^[22m[39m[31
m[1m^[22m[39m[31m[1m^[22m
[39m[31m[1m^[22m[39m[31m[1
m^[22m[39m[31m[1m^[22m[39m
[31m[1m^[22m[39m[31m[1m^[
22m[39m[31m[1m^[22m[39m[31
m[1m^[22m[39m[31m[1m^[22m
[39m[31m[1m^[22m[39m[31m[1
m^[22m[39m[31m[1m^[22m[39m
[31m[1m^[22m[39m[31m[1m^[
22m[39m[31m[1m^[22m[39m[31
m[1m^[22m[39m
 [90m 2 |[39m
 [90m 3 |[39m 
[36mexport[39m 
[36mdefault[39m withAuth({
 [90m 4 |[39m     
pages[33m:[39m {[0m



https://nextjs.org/docs/messages
/module-not-found


    at <unknown> 
(./src/middleware.ts:1:1)
    at <unknown> (https://nextjs
.org/docs/messages/module-not-fo
und)
